[0;34m==>[0m KS Panel & KSEdge Build System
[0;34m[INFO][0m Mode: production | Target: linux/amd64
[0;34m[INFO][0m Build mode: PRODUCTION (hardened)
[0;34m[INFO][0m Version:  0.0.0
[0;34m[INFO][0m Commit:   unknown
[0;34m[INFO][0m Date:     2026-08-23T09:47:03Z
[0;34m[INFO][0m Target:   linux/amd64
[0;34m[INFO][0m kspanel ldflags: -s -w -X github.com/example/kspanel/internal/version.Version=0.0.0 -X github.com/example/kspanel/internal/version.Commit=unknown -X github.com/example/kspanel/internal/version.BuildDate=2026-08-23T09:47:03Z
[0;34m[INFO][0m ksedge ldflags:  -s -w
[0;34m==>[0m Cleaning previous build artifacts...
[0;34m==>[0m Building kspanel frontend (Vite production)...
[33mThe CJS build of Vite's Node API is deprecated. See https://vite.dev/guide/troubleshooting.html#vite-cjs-node-api-deprecated for more details.[39m
vite v5.4.21 building for production...
transforming...
✓ 302 modules transformed.
rendering chunks...
computing gzip size...
../backend/internal/ui/dist/index.html                                    1.24 kB │ gzip:   0.67 kB
../backend/internal/ui/dist/assets/xterm-9CEnUXvW.css                     5.75 kB │ gzip:   1.98 kB
../backend/internal/ui/dist/assets/index-DJz_nx9C.css                   127.63 kB │ gzip:  16.60 kB
../backend/internal/ui/dist/assets/InstanceAdvancedPages-B9qU6zkv.js      0.67 kB │ gzip:   0.33 kB
../backend/internal/ui/dist/assets/router-1EBJNfHZ.js                    14.21 kB │ gzip:   5.17 kB
../backend/internal/ui/dist/assets/vendor-dQTzTwkg.js                    61.52 kB │ gzip:  23.63 kB
../backend/internal/ui/dist/assets/react-0h_Dc6Wy.js                    142.23 kB │ gzip:  45.58 kB
../backend/internal/ui/dist/assets/xterm-DEkUVjqk.js                    336.78 kB │ gzip:  85.75 kB
../backend/internal/ui/dist/assets/index-qqYnxrk1.js                  1,316.55 kB │ gzip: 296.10 kB

(!) Some chunks are larger than 600 kB after minification. Consider:
- Using dynamic import() to code-split the application
- Use build.rollupOptions.output.manualChunks to improve chunking: https://rollupjs.org/configuration-options/#output-manualchunks
- Adjust chunk size limit for this warning via build.chunkSizeWarningLimit.
✓ built in 1m 10s
[0;32m[OK][0m Frontend built and embedded into /test/ks-panel/panel/backend/internal/ui/dist
[0;34m==>[0m Building kspanel binary...
[0;34m[INFO][0m Running: go build -buildvcs=false -trimpath -ldflags -s -w -X github.com/example/kspanel/internal/version.Version=0.0.0 -X github.com/example/kspanel/internal/version.Commit=unknown -X github.com/example/kspanel/internal/version.BuildDate=2026-08-23T09:47:03Z -o /test/ks-panel/release/kspanel .
[0;32m[OK][0m kspanel built at /test/ks-panel/release/kspanel
[0;34m==>[0m Building ksedge binary...
[0;34m[INFO][0m Running: go build -buildvcs=false -trimpath -ldflags -s -w -o /test/ks-panel/release/ksedge .
[0;32m[OK][0m ksedge built at /test/ks-panel/release/ksedge
[0;34m==>[0m Stripping kspanel binary...
[0;32m[OK][0m kspanel stripped successfully
[0;32m[OK][0m kspanel verified as valid ELF binary after strip (magic bytes)
[0;34m==>[0m Stripping ksedge binary...
[0;32m[OK][0m ksedge stripped successfully
[0;32m[OK][0m ksedge verified as valid ELF binary after strip (magic bytes)
[0;34m==>[0m Verifying kspanel binary...
[0;34m[INFO][0m kspanel: /test/ks-panel/release/kspanel: ELF
[1;33m[WARN][0m kspanel: Binary doesn't respond to --version/-version/version/--help/-h (may be expected)
[0;34m==>[0m Verifying ksedge binary...
[0;34m[INFO][0m ksedge: /test/ks-panel/release/ksedge: ELF
[0;34m==>[0m Generating SHA-256 checksums...
[0;32m[OK][0m Generated kspanel.sha256
[0;32m[OK][0m Generated ksedge.sha256
[0;32m[OK][0m Checksums written to checksums.txt
3f591489ee25dcc2cdbfd6b2263c84c01bdd39b10229f4b6c41246f3690bf390  kspanel
fe3be49cd325014ce80dfc02af12572c9d0421f24716751ffbf56cbc4d5a5324  ksedge
[0;34m[INFO][0m Code signing disabled (set SIGN_KEY to enable)
[0;34m==>[0m Running security verification stage...
[0;32m[OK][0m Binary exists: /test/ks-panel/release/kspanel
[0;32m[OK][0m Binary exists: /test/ks-panel/release/ksedge
[0;32m[OK][0m Executable: /test/ks-panel/release/kspanel
[0;32m[OK][0m Executable: /test/ks-panel/release/ksedge
[0;34m==>[0m Checking kspanel for source path leakage...
[0;32m[OK][0m kspanel: No obvious source path leakage detected
[0;34m==>[0m Checking ksedge for source path leakage...
[0;32m[OK][0m ksedge: No obvious source path leakage detected
[0;34m==>[0m Scanning kspanel for embedded secrets...
[0;32m[OK][0m kspanel: No obvious secrets detected
[0;34m==>[0m Scanning ksedge for embedded secrets...
[0;32m[OK][0m ksedge: No obvious secrets detected
[0;32m[OK][0m No source maps in embedded frontend
[0;32m[OK][0m Correct permissions (755): /test/ks-panel/release/kspanel
[0;32m[OK][0m Correct permissions (755): /test/ks-panel/release/ksedge
[0;32m[OK][0m Checksum exists: kspanel.sha256
[0;32m[OK][0m Checksum exists: ksedge.sha256
kspanel: OK
ksedge: OK
[0;32m[OK][0m All checksums verified
[0;32m[OK][0m Security verification PASSED
[0;34m==>[0m Cleaning up temporary build files...
[0;32m[OK][0m Temporary files cleaned

[0;34m==>[0m Build completed successfully!

Release artifacts:
total 32M
-rw-r--r--. 1 user user  147 Aug 23 09:49 checksums.txt
-rwxr-xr-x. 1 user user 9.4M Aug 23 09:49 ksedge
-rw-r--r--. 1 user user   73 Aug 23 09:49 ksedge.sha256
-rwxr-xr-x. 1 user user  22M Aug 23 09:49 kspanel
-rw-r--r--. 1 user user   74 Aug 23 09:49 kspanel.sha256

Production build complete. Binaries are hardened:
  -trimpath: Source paths removed
  -ldflags=-s -w: Debug info & symbol table stripped
  strip --strip-unneeded: Non-essential ELF symbols removed
  Source leakage: Verified clean
  Secret scan: No obvious secrets found
  Checksums: SHA-256 generated
